%!Adobe-FontList 1.16
%Locale:0x409

%BeginFont
Handler:DirectoryHandler
FontType:Type1
FontName:AntennaCond-Bold
FamilyName:AntennaCond
StyleName:Bold
MenuName:AntennaCond Bold
StyleBits:0
WeightClass:700
WidthClass:5
AngleClass:0
FullName:AntennaCond Bold
WritingScript:Roman
OutlineFileName:\AntennaCond-Bold.otf
DataFormat:sfntData
UsesStandardEncoding:yes
isCFF:yes
FileLength:45816
FileModTime:1417525164
NameArray:0,Mac,4,AntennaCond Bold
NameArray:0,Win,1,AntennaCond Bold
NameArray:0,Win,16,AntennaCond
%EndFont

%BeginFont
Handler:DirectoryHandler
FontType:Type1
FontName:AntennaCond-Regular
FamilyName:AntennaCond
StyleName:Regular
MenuName:AntennaCond Regular
StyleBits:0
WeightClass:400
WidthClass:5
AngleClass:0
FullName:AntennaCond
WritingScript:Roman
OutlineFileName:\AntennaCond-Regular.otf
DataFormat:sfntData
UsesStandardEncoding:yes
isCFF:yes
FileLength:45800
FileModTime:1417525164
NameArray:0,Mac,18,AntennaCond Regular
NameArray:0,Mac,4,AntennaCond
NameArray:0,Win,1,AntennaCond Regular
NameArray:0,Win,16,AntennaCond
%EndFont

%BeginFont
Handler:DirectoryHandler
FontType:TrueType
FontName:Montserrat-Bold
FamilyName:Montserrat
StyleName:Bold
MenuName:Montserrat
StyleBits:2
WeightClass:700
WidthClass:5
AngleClass:0
FullName:Montserrat-Bold
WritingScript:Roman
OutlineFileName:\Montserrat-Bold.ttf
DataFormat:sfntData
FileLength:29560
FileModTime:1437525560
NameArray:0,Mac,4,Montserrat-Bold
NameArray:0,Win,1,Montserrat
%EndFont

%BeginFont
Handler:DirectoryHandler
FontType:TrueType
FontName:Montserrat-Regular
FamilyName:Montserrat
StyleName:Regular
MenuName:Montserrat
StyleBits:0
WeightClass:400
WidthClass:5
AngleClass:0
FullName:Montserrat-Regular
WritingScript:Roman
OutlineFileName:\Montserrat-Regular.ttf
DataFormat:sfntData
FileLength:29016
FileModTime:1437525560
NameArray:0,Mac,4,Montserrat-Regular
NameArray:0,Win,1,Montserrat
%EndFont

